Microchip MPLAB XC8 Compiler V2.20

Linker command line:

-W-3 --edf=C:\Program Files\Microchip\xc8\v2.20\pic\dat\en_msgs.txt -cn \
  -h+dist/default/production\PIC18F_RN2903.X.production.sym \
  --cmf=dist/default/production\PIC18F_RN2903.X.production.cmf -z \
  -Q18LF45K50 -oC:\Users\Seiti\AppData\Local\Temp\s4bg.2 \
  --defsym=__MPLAB_BUILD=1 \
  -Mdist/default/production/PIC18F_RN2903.X.production.map -E1 \
  -ver=XC8 Compiler --acfsm=1493 -ASTACK=023Eh-07FFh -pstack=STACK \
  -ACODE=00h-07FFFh -ACONST=00h-07FFFh -ASMALLCONST=0800h-08FFhx120 \
  -AMEDIUMCONST=0800h-07FFFh -ACOMRAM=01h-05Fh -AABS1=00h-07FFh \
  -ABIGRAM=01h-07FFh -ARAM=060h-0FFh,0100h-01FFhx7 -ABANK0=060h-0FFh \
  -ABANK1=0100h-01FFh -ABANK2=0200h-02FFh -ABANK3=0300h-03FFh \
  -ABANK4=0400h-04FFh -ABANK5=0500h-05FFh -ABANK6=0600h-06FFh \
  -ABANK7=0700h-07FFh -ASFR=0F53h-0F5Fh,0F60h-0FFFh \
  -ACONFIG=0300000h-030000Dh -AIDLOC=0200000h-0200007h \
  -preset_vec=00h,intcode=08h,intcodelo,powerup,init -pramtop=0800h \
  -psmallconst=SMALLCONST -pmediumconst=MEDIUMCONST -pconst=CONST \
  -AFARRAM=00h-00h -AEEDATA=0F00000h-0F000FFh -peeprom_data=EEDATA \
  -prdata=COMRAM,nvrram=COMRAM,nvbit=COMRAM,rbss=COMRAM,rbit=COMRAM \
  -pfarbss=FARRAM,fardata=FARRAM,nvFARRAM=FARRAM \
  -pintsave_regs=BIGRAM,bigbss=BIGRAM,bigdata=BIGRAM -pbss=RAM \
  -pidata=CODE,irdata=CODE,ibigdata=CODE,ifardata=CODE -prparam=COMRAM \
  C:\Users\Seiti\AppData\Local\Temp\s4bg.o \
  dist/default/production\PIC18F_RN2903.X.production.o 

Object code version is 3.11

Machine type is 18LF45K50



                Name                               Link     Load   Length Selector   Space Scale
C:\Users\Seiti\AppData\Local\Temp\s4bg.o
                idloc                            200000   200000        8        0       5
                config                           300000   300000        E        0       4
                init                                 66       66        4        4       0
                reset_vec                             0        0        4        0       0
dist/default/production\PIC18F_RN2903.X.production.o
                intcode                               8        8       5E        4       0
                idloc                            200000   200000        8        0       5
                config                           300000   300000        E        0       4
                temp                                 54       54        1        1       1
                mediumconst                        7E36     7E36      1CA     3F1B       0
                text29                              C40      C40       20        4       0
                text28                              CDE      CDE        6        4       0
                text27                              CE8      CE8        2        4       0
                text26                              CD8      CD8        6        4       0
                text25                              7AC      7AC       98        4       0
                text24                              BA8      BA8       2A        4       0
                text22                              CCE      CCE        A        4       0
                text21                              CC4      CC4        A        4       0
                text20                              CBA      CBA        A        4       0
                text19                              CB0      CB0        A        4       0
                text18                              CA6      CA6        A        4       0
                text17                              954      954       74        4       0
                text16                              CE4      CE4        4        4       0
                text15                              C7E      C7E       16        4       0
                text14                              AF8      AF8       3E        4       0
                text13                              C94      C94       12        4       0
                text12                              C1C      C1C       24        4       0
                text11                              B36      B36       3C        4       0
                text10                              A6C      A6C       4A        4       0
                text9                               844      844       8E        4       0
                text8                               B72      B72       36        4       0
                text7                               8D2      8D2       82        4       0
                text6                               A1A      A1A       52        4       0
                text5                               AB6      AB6       42        4       0
                text4                               BD2      BD2       26        4       0
                text3                               C60      C60       1E        4       0
                text2                                6A       6A      350        4       0
                text1                               3BA      3BA      342        4       0
                text0                               6FC      6FC       B0        4       0
                cstackCOMRAM                          1        1       42        1       1
                cstackBANK0                          60       60       77       60       1
                bssBANK2                            200      200       3E      200       1
                bssBANK1                            100      100       CC      100       1
                dataBANK0                            D7       D7       24       60       1
                bssCOMRAM                            43       43       11        1       1
                cinit                               9C8      9C8       52        4       0
                idataBANK0                          BF8      BF8       24        4       0

TOTAL           Name                               Link     Load   Length     Space
        CLASS   STACK          

        CLASS   CODE           
                intcode                               8        8       5E         0
                init                                 66       66        4         0
                reset_vec                             0        0        4         0
                text29                              C40      C40       20         0
                text28                              CDE      CDE        6         0
                text27                              CE8      CE8        2         0
                text26                              CD8      CD8        6         0
                text25                              7AC      7AC       98         0
                text24                              BA8      BA8       2A         0
                text22                              CCE      CCE        A         0
                text21                              CC4      CC4        A         0
                text20                              CBA      CBA        A         0
                text19                              CB0      CB0        A         0
                text18                              CA6      CA6        A         0
                text17                              954      954       74         0
                text16                              CE4      CE4        4         0
                text15                              C7E      C7E       16         0
                text14                              AF8      AF8       3E         0
                text13                              C94      C94       12         0
                text12                              C1C      C1C       24         0
                text11                              B36      B36       3C         0
                text10                              A6C      A6C       4A         0
                text9                               844      844       8E         0
                text8                               B72      B72       36         0
                text7                               8D2      8D2       82         0
                text6                               A1A      A1A       52         0
                text5                               AB6      AB6       42         0
                text4                               BD2      BD2       26         0
                text3                               C60      C60       1E         0
                text2                                6A       6A      350         0
                text1                               3BA      3BA      342         0
                text0                               6FC      6FC       B0         0
                cinit                               9C8      9C8       52         0
                idataBANK0                          BF8      BF8       24         0

        CLASS   CONST          

        CLASS   SMALLCONST     

        CLASS   MEDIUMCONST    
                mediumconst                        7E36     7E36      1CA         0

        CLASS   COMRAM         
                temp                                 54       54        1         1
                cstackCOMRAM                          1        1       42         1
                bssCOMRAM                            43       43       11         1

        CLASS   ABS1           

        CLASS   BIGRAM         

        CLASS   RAM            

        CLASS   BANK0          
                cstackBANK0                          60       60       77         1
                dataBANK0                            D7       D7       24         1

        CLASS   BANK1          
                bssBANK1                            100      100       CC         1

        CLASS   BANK2          
                bssBANK2                            200      200       3E         1

        CLASS   BANK3          

        CLASS   BANK4          

        CLASS   BANK5          

        CLASS   BANK6          

        CLASS   BANK7          

        CLASS   SFR            

        CLASS   CONFIG         
                config                           300000   300000        E         4

        CLASS   IDLOC          
                idloc                            200000   200000        8         5

        CLASS   FARRAM         

        CLASS   EEDATA         



SEGMENTS        Name                           Load    Length   Top    Selector   Space  Class

                reset_vec                      000000  000004  000004         0       0  CODE    
                cstackCOMRAM                   000001  000054  000055         1       1  COMRAM  
                intcode                        000008  000CE2  000CEA         4       0  CODE    
                cstackBANK0                    000060  00009B  0000FB        60       1  BANK0   
                bssBANK1                       000100  0000CC  0001CC       100       1  BANK1   
                bssBANK2                       000200  00003E  00023E       200       1  BANK2   
                mediumconst                    007E36  0001CA  008000      3F1B       0  MEDIUMCO


UNUSED ADDRESS RANGES

        Name                Unused          Largest block    Delta
        BANK0            0000FB-0000FF                5
        BANK1            0001CC-0001FF               34
        BANK2            00023E-0002FF               C2
        BANK3            000300-0003FF              100
        BANK4            000400-0004FF              100
        BANK5            000500-0005FF              100
        BANK6            000600-0006FF              100
        BANK7            000700-0007FF              100
        BIGRAM           000055-00005F                B
                         0000FB-0000FF                5
                         0001CC-0001FF               34
                         00023E-0007FF              5C2
        CODE             000004-000007                4
                         000CEA-007E35             714C
        COMRAM           000055-00005F                B
        CONST            000004-000007                4
                         000CEA-007E35             714C
        EEDATA           F00000-F000FF              100
        MEDIUMCONST      000CEA-007E35             714C
        RAM              0000FB-0000FF                5
                         0001CC-0001FF               34
                         00023E-0007FF              100
        SFR              000F53-000FFF                D
        SMALLCONST       000CEA-007E35              100
        STACK            00023E-0007FF              5C2

                                  Symbol Table

?___lwdiv                                       cstackCOMRAM 000005
?___lwmod                                       cstackCOMRAM 00000C
?___wmul                                        cstackCOMRAM 000005
?_sprintf                                       cstackCOMRAM 000011
?_strcmp                                        cstackCOMRAM 000005
DELAY_milliseconds@milliseconds                 cstackCOMRAM 000005
EUSART1_Read@readValue                          cstackCOMRAM 000005
EUSART1_SetErrorHandler@interruptHandler        cstackCOMRAM 000005
EUSART1_SetFramingErrorHandler@interruptHandler cstackCOMRAM 000005
EUSART1_SetOverrunErrorHandler@interruptHandler cstackCOMRAM 000005
EUSART1_SetRxInterruptHandler@interruptHandler  cstackCOMRAM 000005
EUSART1_SetTxInterruptHandler@interruptHandler  cstackCOMRAM 000005
EUSART1_Write@txData                            cstackCOMRAM 000005
_ACTCON                                         (abs)        000FB5
_ANSELA                                         (abs)        000F5B
_ANSELB                                         (abs)        000F5C
_ANSELC                                         (abs)        000F5D
_ANSELD                                         (abs)        000F5E
_ANSELE                                         (abs)        000F5F
_BAUDCON1                                       (abs)        000FB8
_DELAY_milliseconds                             text12       000C1C
_EUSART1_DefaultErrorHandler                    text28       000CDE
_EUSART1_DefaultFramingErrorHandler             text27       000CE8
_EUSART1_DefaultOverrunErrorHandler             text26       000CD8
_EUSART1_ErrorHandler                           bssCOMRAM    000043
_EUSART1_FramingErrorHandler                    bssCOMRAM    000047
_EUSART1_Initialize                             text17       000954
_EUSART1_OverrunErrorHandler                    bssCOMRAM    000045
_EUSART1_Read                                   text11       000B36
_EUSART1_Receive_ISR                            text25       0007AC
_EUSART1_RxDataHandler                          text29       000C40
_EUSART1_RxDefaultInterruptHandler              bssCOMRAM    000049
_EUSART1_SetErrorHandler                        text22       000CCE
_EUSART1_SetFramingErrorHandler                 text21       000CC4
_EUSART1_SetOverrunErrorHandler                 text20       000CBA
_EUSART1_SetRxInterruptHandler                  text19       000CB0
_EUSART1_SetTxInterruptHandler                  text18       000CA6
_EUSART1_Transmit_ISR                           text24       000BA8
_EUSART1_TxDefaultInterruptHandler              bssCOMRAM    00004B
_EUSART1_Write                                  text8        000B72
_INTCON2bits                                    (abs)        000FF1
_INTCONbits                                     (abs)        000FF2
_INTERRUPT_Initialize                           text16       000CE4
_INTERRUPT_InterruptManager                     intcode      000008
_LATA                                           (abs)        000F89
_LATB                                           (abs)        000F8A
_LATC                                           (abs)        000F8B
_LATD                                           (abs)        000F8C
_LATE                                           (abs)        000F8D
_OSCCON                                         (abs)        000FD3
_OSCCON2                                        (abs)        000FD2
_OSCILLATOR_Initialize                          text15       000C7E
_OSCTUNE                                        (abs)        000F9B
_PIE1bits                                       (abs)        000F9D
_PIN_MANAGER_Initialize                         text14       000AF8
_PIR1bits                                       (abs)        000F9E
_PLLRDY                                         (abs)        007E97
_RCONbits                                       (abs)        000FD0
_RCREG1                                         (abs)        000FAE
_RCSTA1                                         (abs)        000FAB
_RCSTA1bits                                     (abs)        000FAB
_SPBRG1                                         (abs)        000FAF
_SPBRGH1                                        (abs)        000FB0
_SYSTEM_Initialize                              text13       000C94
_TRISA                                          (abs)        000F92
_TRISB                                          (abs)        000F93
_TRISC                                          (abs)        000F94
_TRISD                                          (abs)        000F95
_TRISE                                          (abs)        000F96
_TXREG1                                         (abs)        000FAD
_TXSTA1                                         (abs)        000FAC
_TXSTA1bits                                     (abs)        000FAC
_WPUB                                           (abs)        000F85
__HRAM                                          (abs)        000000
__Habs1                                         abs1         000000
__Hbank0                                        bank0        000000
__Hbank1                                        bank1        000000
__Hbank2                                        bank2        000000
__Hbank3                                        bank3        000000
__Hbank4                                        bank4        000000
__Hbank5                                        bank5        000000
__Hbank6                                        bank6        000000
__Hbank7                                        bank7        000000
__Hbigbss                                       bigbss       000000
__Hbigdata                                      bigdata      000000
__Hbigram                                       bigram       000000
__Hbss                                          bss          000000
__HbssBANK1                                     bssBANK1     000000
__HbssBANK2                                     bssBANK2     000000
__HbssCOMRAM                                    bssCOMRAM    000000
__Hcinit                                        cinit        000000
__Hclrtext                                      clrtext      000000
__Hcomram                                       comram       000000
__Hconfig                                       config       30000E
__Hconst                                        const        000000
__HcstackBANK0                                  cstackBANK0  000000
__HcstackCOMRAM                                 cstackCOMRAM 000000
__Hdata                                         data         000000
__HdataBANK0                                    dataBANK0    000000
__Heeprom_data                                  eeprom_data  000000
__Hfarbss                                       farbss       000000
__Hfardata                                      fardata      000000
__Hibigdata                                     ibigdata     000000
__Hidata                                        idata        000000
__HidataBANK0                                   idataBANK0   000000
__Hidloc                                        idloc        200008
__Hifardata                                     ifardata     000000
__Hinit                                         init         00006A
__Hintcode                                      intcode      000066
__Hintcode_body                                 intcode_body 000000
__Hintcodelo                                    intcodelo    000066
__Hintentry                                     intentry     000000
__Hintret                                       intret       000000
__Hintsave_regs                                 intsave_regs 000000
__Hirdata                                       irdata       000000
__Hmediumconst                                  mediumconst  008000
__HnvFARRAM                                     nvFARRAM     000000
__Hnvbit                                        nvbit        000000
__Hnvrram                                       nvrram       000000
__Hparam                                        rparam       000000
__Hpowerup                                      powerup      000066
__Hram                                          ram          000000
__Hramtop                                       ramtop       000800
__Hrbit                                         rbit         000000
__Hrbss                                         rbss         000000
__Hrdata                                        rdata        000000
__Hreset_vec                                    reset_vec    000004
__Hrparam                                       rparam       000000
__Hsfr                                          sfr          000000
__Hsmallconst                                   smallconst   000000
__Hspace_0                                      (abs)        008000
__Hspace_1                                      (abs)        00023E
__Hspace_2                                      (abs)        000000
__Hspace_4                                      (abs)        60000E
__Hstack                                        stack        000000
__Hstruct                                       struct       000000
__Htemp                                         temp         000055
__Htext                                         text         000000
__Htext0                                        text0        000000
__Htext1                                        text1        000000
__Htext10                                       text10       000000
__Htext11                                       text11       000000
__Htext12                                       text12       000000
__Htext13                                       text13       000000
__Htext14                                       text14       000000
__Htext15                                       text15       000000
__Htext16                                       text16       000000
__Htext17                                       text17       000000
__Htext18                                       text18       000000
__Htext19                                       text19       000000
__Htext2                                        text2        000000
__Htext20                                       text20       000000
__Htext21                                       text21       000000
__Htext22                                       text22       000000
__Htext24                                       text24       000000
__Htext25                                       text25       000000
__Htext26                                       text26       000000
__Htext27                                       text27       000000
__Htext28                                       text28       000000
__Htext29                                       text29       000000
__Htext3                                        text3        000000
__Htext30                                       text30       000000
__Htext4                                        text4        000000
__Htext5                                        text5        000000
__Htext6                                        text6        000000
__Htext7                                        text7        000000
__Htext8                                        text8        000000
__Htext9                                        text9        000000
__LRAM                                          (abs)        000001
__Labs1                                         abs1         000000
__Lbank0                                        bank0        000000
__Lbank1                                        bank1        000000
__Lbank2                                        bank2        000000
__Lbank3                                        bank3        000000
__Lbank4                                        bank4        000000
__Lbank5                                        bank5        000000
__Lbank6                                        bank6        000000
__Lbank7                                        bank7        000000
__Lbigbss                                       bigbss       000000
__Lbigdata                                      bigdata      000000
__Lbigram                                       bigram       000000
__Lbss                                          bss          000000
__LbssBANK1                                     bssBANK1     000000
__LbssBANK2                                     bssBANK2     000000
__LbssCOMRAM                                    bssCOMRAM    000000
__Lcinit                                        cinit        000000
__Lclrtext                                      clrtext      000000
__Lcomram                                       comram       000000
__Lconfig                                       config       000000
__Lconst                                        const        000000
__LcstackBANK0                                  cstackBANK0  000000
__LcstackCOMRAM                                 cstackCOMRAM 000000
__Ldata                                         data         000000
__LdataBANK0                                    dataBANK0    000000
__Leeprom_data                                  eeprom_data  000000
__Lfarbss                                       farbss       000000
__Lfardata                                      fardata      000000
__Libigdata                                     ibigdata     000000
__Lidata                                        idata        000000
__LidataBANK0                                   idataBANK0   000000
__Lidloc                                        idloc        000000
__Lifardata                                     ifardata     000000
__Linit                                         init         000066
__Lintcode                                      intcode      000008
__Lintcode_body                                 intcode_body 000000
__Lintcodelo                                    intcodelo    000066
__Lintentry                                     intentry     000000
__Lintret                                       intret       000000
__Lintsave_regs                                 intsave_regs 000000
__Lirdata                                       irdata       000000
__Lmediumconst                                  mediumconst  007E36
__LnvFARRAM                                     nvFARRAM     000000
__Lnvbit                                        nvbit        000000
__Lnvrram                                       nvrram       000000
__Lparam                                        rparam       000000
__Lpowerup                                      powerup      000066
__Lram                                          ram          000000
__Lramtop                                       ramtop       000800
__Lrbit                                         rbit         000000
__Lrbss                                         rbss         000000
__Lrdata                                        rdata        000000
__Lreset_vec                                    reset_vec    000000
__Lrparam                                       rparam       000000
__Lsfr                                          sfr          000000
__Lsmallconst                                   smallconst   000000
__Lspace_0                                      (abs)        000000
__Lspace_1                                      (abs)        000000
__Lspace_2                                      (abs)        000000
__Lspace_4                                      (abs)        000000
__Lstack                                        stack        000000
__Lstruct                                       struct       000000
__Ltemp                                         temp         000054
__Ltext                                         text         000000
__Ltext0                                        text0        000000
__Ltext1                                        text1        000000
__Ltext10                                       text10       000000
__Ltext11                                       text11       000000
__Ltext12                                       text12       000000
__Ltext13                                       text13       000000
__Ltext14                                       text14       000000
__Ltext15                                       text15       000000
__Ltext16                                       text16       000000
__Ltext17                                       text17       000000
__Ltext18                                       text18       000000
__Ltext19                                       text19       000000
__Ltext2                                        text2        000000
__Ltext20                                       text20       000000
__Ltext21                                       text21       000000
__Ltext22                                       text22       000000
__Ltext24                                       text24       000000
__Ltext25                                       text25       000000
__Ltext26                                       text26       000000
__Ltext27                                       text27       000000
__Ltext28                                       text28       000000
__Ltext29                                       text29       000000
__Ltext3                                        text3        000000
__Ltext30                                       text30       000000
__Ltext4                                        text4        000000
__Ltext5                                        text5        000000
__Ltext6                                        text6        000000
__Ltext7                                        text7        000000
__Ltext8                                        text8        000000
__Ltext9                                        text9        000000
__S0                                            (abs)        008000
__S1                                            (abs)        00023E
__S2                                            (abs)        000000
__S4                                            (abs)        000000
__S5                                            (abs)        000000
___inthi_sp                                     stack        000000
___intlo_sp                                     stack        000000
___lwdiv                                        text6        000A1A
___lwdiv@counter                                cstackCOMRAM 00000B
___lwdiv@dividend                               cstackCOMRAM 000005
___lwdiv@divisor                                cstackCOMRAM 000007
___lwdiv@quotient                               cstackCOMRAM 000009
___lwmod                                        text5        000AB6
___lwmod@counter                                cstackCOMRAM 000010
___lwmod@dividend                               cstackCOMRAM 00000C
___lwmod@divisor                                cstackCOMRAM 00000E
___param_bank                                   (abs)        000000
___rparam_used                                  (abs)        000001
___sp                                           stack        000000
___wmul                                         text4        000BD2
___wmul@multiplicand                            cstackCOMRAM 000007
___wmul@multiplier                              cstackCOMRAM 000005
___wmul@product                                 cstackCOMRAM 000009
__accesstop                                     (abs)        000060
__activetblptr                                  (abs)        000002
__end_of_DELAY_milliseconds                     text12       000C40
__end_of_EUSART1_DefaultErrorHandler            text28       000CE4
__end_of_EUSART1_DefaultFramingErrorHandler     text27       000CEA
__end_of_EUSART1_DefaultOverrunErrorHandler     text26       000CDE
__end_of_EUSART1_Initialize                     text17       0009C8
__end_of_EUSART1_Read                           text11       000B72
__end_of_EUSART1_Receive_ISR                    text25       000844
__end_of_EUSART1_RxDataHandler                  text29       000C60
__end_of_EUSART1_SetErrorHandler                text22       000CD8
__end_of_EUSART1_SetFramingErrorHandler         text21       000CCE
__end_of_EUSART1_SetOverrunErrorHandler         text20       000CC4
__end_of_EUSART1_SetRxInterruptHandler          text19       000CBA
__end_of_EUSART1_SetTxInterruptHandler          text18       000CB0
__end_of_EUSART1_Transmit_ISR                   text24       000BD2
__end_of_EUSART1_Write                          text8        000BA8
__end_of_INTERRUPT_Initialize                   text16       000CE8
__end_of_INTERRUPT_InterruptManager             intcode      000066
__end_of_OSCILLATOR_Initialize                  text15       000C94
__end_of_PIN_MANAGER_Initialize                 text14       000B36
__end_of_SYSTEM_Initialize                      text13       000CA6
__end_of___lwdiv                                text6        000A6C
__end_of___lwmod                                text5        000AF8
__end_of___wmul                                 text4        000BF8
__end_of__initialization                        cinit        000A0C
__end_of_config_RN2903                          text1        0006FC
__end_of_dpowers                                mediumconst  007E41
__end_of_hexpowers                              mediumconst  007E49
__end_of_isdigit                                text3        000C7E
__end_of_main                                   text0        0007AC
__end_of_receive_RN2903                         text9        0008D2
__end_of_send_RN2903                            text7        000954
__end_of_sprintf                                text2        0003BA
__end_of_strcmp                                 text10       000AB6
__initialization                                cinit        0009C8
__mediumconst                                   mediumconst  007E36
__pbssBANK1                                     bssBANK1     000100
__pbssBANK2                                     bssBANK2     000200
__pbssCOMRAM                                    bssCOMRAM    000043
__pcinit                                        cinit        0009C8
__pcstackBANK0                                  cstackBANK0  000060
__pcstackCOMRAM                                 cstackCOMRAM 000001
__pdataBANK0                                    dataBANK0    0000D7
__pidataBANK0                                   idataBANK0   000BF8
__pintcode                                      intcode      000008
__pmediumconst                                  mediumconst  007E36
__ptext0                                        text0        0006FC
__ptext1                                        text1        0003BA
__ptext10                                       text10       000A6C
__ptext11                                       text11       000B36
__ptext12                                       text12       000C1C
__ptext13                                       text13       000C94
__ptext14                                       text14       000AF8
__ptext15                                       text15       000C7E
__ptext16                                       text16       000CE4
__ptext17                                       text17       000954
__ptext18                                       text18       000CA6
__ptext19                                       text19       000CB0
__ptext2                                        text2        00006A
__ptext20                                       text20       000CBA
__ptext21                                       text21       000CC4
__ptext22                                       text22       000CCE
__ptext24                                       text24       000BA8
__ptext25                                       text25       0007AC
__ptext26                                       text26       000CD8
__ptext27                                       text27       000CE8
__ptext28                                       text28       000CDE
__ptext29                                       text29       000C40
__ptext3                                        text3        000C60
__ptext30                                       text30       000000
__ptext4                                        text4        000BD2
__ptext5                                        text5        000AB6
__ptext6                                        text6        000A1A
__ptext7                                        text7        0008D2
__ptext8                                        text8        000B72
__ptext9                                        text9        000844
__ramtop                                        ramtop       000800
__size_of_DELAY_milliseconds                    (abs)        000000
__size_of_EUSART1_DefaultErrorHandler           (abs)        000000
__size_of_EUSART1_DefaultFramingErrorHandler    (abs)        000000
__size_of_EUSART1_DefaultOverrunErrorHandler    (abs)        000000
__size_of_EUSART1_Initialize                    (abs)        000000
__size_of_EUSART1_Read                          (abs)        000000
__size_of_EUSART1_Receive_ISR                   (abs)        000000
__size_of_EUSART1_RxDataHandler                 (abs)        000000
__size_of_EUSART1_SetErrorHandler               (abs)        000000
__size_of_EUSART1_SetFramingErrorHandler        (abs)        000000
__size_of_EUSART1_SetOverrunErrorHandler        (abs)        000000
__size_of_EUSART1_SetRxInterruptHandler         (abs)        000000
__size_of_EUSART1_SetTxInterruptHandler         (abs)        000000
__size_of_EUSART1_Transmit_ISR                  (abs)        000000
__size_of_EUSART1_Write                         (abs)        000000
__size_of_INTERRUPT_Initialize                  (abs)        000000
__size_of_INTERRUPT_InterruptManager            (abs)        000000
__size_of_OSCILLATOR_Initialize                 (abs)        000000
__size_of_PIN_MANAGER_Initialize                (abs)        000000
__size_of_SYSTEM_Initialize                     (abs)        000000
__size_of___lwdiv                               (abs)        000000
__size_of___lwmod                               (abs)        000000
__size_of___wmul                                (abs)        000000
__size_of_config_RN2903                         (abs)        000000
__size_of_isdigit                               (abs)        000000
__size_of_main                                  (abs)        000000
__size_of_receive_RN2903                        (abs)        000000
__size_of_send_RN2903                           (abs)        000000
__size_of_sprintf                               (abs)        000000
__size_of_strcmp                                (abs)        000000
__smallconst                                    smallconst   000000
_config_RN2903                                  text1        0003BA
_dpowers                                        mediumconst  007E37
_eusart1RxBuffer                                bssBANK2     000200
_eusart1RxCount                                 bssCOMRAM    00004E
_eusart1RxHead                                  bssCOMRAM    000050
_eusart1RxLastError                             bssCOMRAM    00004D
_eusart1RxStatusBuffer                          bssBANK1     000100
_eusart1RxTail                                  bssCOMRAM    00004F
_eusart1TxBuffer                                bssBANK1     00013E
_eusart1TxBufferRemaining                       bssCOMRAM    000051
_eusart1TxHead                                  bssCOMRAM    000053
_eusart1TxTail                                  bssCOMRAM    000052
_hexpowers                                      mediumconst  007E41
_isdigit                                        text3        000C60
_isdigit$1287                                   cstackCOMRAM 000006
_main                                           text0        0006FC
_receive_RN2903                                 text9        000844
_send_RN2903                                    text7        0008D2
_sprintf                                        text2        00006A
_strcmp                                         text10       000A6C
_tx_buf                                         bssBANK1     00017C
btemp                                           temp         000054
config_RN2903@F4925                             dataBANK0    0000F7
config_RN2903@F4927                             dataBANK0    0000E7
config_RN2903@F4929                             dataBANK0    0000D7
config_RN2903@appskey                           cstackBANK0  0000B2
config_RN2903@count                             cstackBANK0  0000D6
config_RN2903@devaddr                           cstackBANK0  0000D2
config_RN2903@nwkskey                           cstackBANK0  0000C2
end_of_initialization                           cinit        000A0C
int$flags                                       temp         000054
intlevel0                                       text         000000
intlevel1                                       text         000000
intlevel2                                       text         000000
intlevel3                                       text         000000
isdigit@c                                       cstackCOMRAM 000007
receive_RN2903@count                            cstackBANK0  0000B0
receive_RN2903@data                             cstackCOMRAM 00000C
receive_RN2903@rx_data                          cstackBANK0  000060
send_RN2903@count                               cstackCOMRAM 00000C
send_RN2903@data                                cstackCOMRAM 000006
sprintf@ap                                      cstackCOMRAM 00003A
sprintf@c                                       cstackCOMRAM 000042
sprintf@f                                       cstackCOMRAM 000013
sprintf@flag                                    cstackCOMRAM 00003F
sprintf@idx                                     cstackCOMRAM 000039
sprintf@prec                                    cstackCOMRAM 00003C
sprintf@sp                                      cstackCOMRAM 000011
sprintf@val                                     cstackCOMRAM 00003D
sprintf@width                                   cstackCOMRAM 000040
stackhi                                         (abs)        0007FF
stacklo                                         (abs)        00023E
start                                           init         000066
start_initialization                            cinit        0009C8
strcmp@r                                        cstackCOMRAM 00000B
strcmp@s1                                       cstackCOMRAM 000005
strcmp@s2                                       cstackCOMRAM 000007
ttemp5                                          temp         000055
ttemp6                                          temp         000058
ttemp7                                          temp         00005C
wtemp8                                          temp         000055


FUNCTION INFORMATION:

 *************** function _main *****************
 Defined at:
		line 171 in file "main.c"
 Parameters:    Size  Location     Type
		None
 Auto vars:     Size  Location     Type
		None
 Return value:  Size  Location     Type
                  1    wreg      void 
 Registers used:
		wreg, fsr1l, fsr1h, fsr2l, fsr2h, status,2, status,0, tblptrl, tblptrh, tblptru, prodl, prodh, cstack
 Tracked objects:
		On entry : 
		On exit  : 
		Unchanged: 
 Data sizes:     COMRAM   BANK0   BANK1   BANK2   BANK3   BANK4   BANK5   BANK6   BANK7
      Params:         0       0       0       0       0       0       0       0       0
      Locals:         0       0       0       0       0       0       0       0       0
      Temps:          0       0       0       0       0       0       0       0       0
      Totals:         0       0       0       0       0       0       0       0       0
Total ram usage:        0 bytes
 Hardware stack levels required when called:    7
 This function calls:
		_DELAY_milliseconds
		_SYSTEM_Initialize
		_config_RN2903
		_receive_RN2903
		_send_RN2903
 This function is called by:
		Startup code after reset
 This function uses a non-reentrant model


 *************** function _config_RN2903 *****************
 Defined at:
		line 85 in file "main.c"
 Parameters:    Size  Location     Type
		None
 Auto vars:     Size  Location     Type
  count           1  118[BANK0 ] unsigned char 
  nwkskey        16   98[BANK0 ] unsigned char [16]
  appskey        16   82[BANK0 ] unsigned char [16]
  devaddr         4  114[BANK0 ] unsigned char [4]
 Return value:  Size  Location     Type
                  1    wreg      void 
 Registers used:
		wreg, fsr1l, fsr1h, fsr2l, fsr2h, status,2, status,0, tblptrl, tblptrh, tblptru, prodl, prodh, cstack
 Tracked objects:
		On entry : 
		On exit  : 
		Unchanged: 
 Data sizes:     COMRAM   BANK0   BANK1   BANK2   BANK3   BANK4   BANK5   BANK6   BANK7
      Params:         0       0       0       0       0       0       0       0       0
      Locals:         0      37       0       0       0       0       0       0       0
      Temps:          0       0       0       0       0       0       0       0       0
      Totals:         0      37       0       0       0       0       0       0       0
Total ram usage:       37 bytes
 Hardware stack levels used:    1
 Hardware stack levels required when called:    6
 This function calls:
		_DELAY_milliseconds
		_receive_RN2903
		_send_RN2903
		_sprintf
 This function is called by:
		_main
 This function uses a non-reentrant model


 *************** function _sprintf *****************
 Defined at:
		line 505 in file "C:\Program Files\Microchip\xc8\v2.20\pic\sources\c90\common\doprnt.c"
 Parameters:    Size  Location     Type
  sp              2   16[COMRAM] PTR unsigned char 
		 -> tx_buf(80), 
  f               2   18[COMRAM] PTR const unsigned char 
		 -> STR_16(83), STR_14(83), STR_12(35), STR_10(22), 
		 -> STR_8(18), STR_6(27), 
 Auto vars:     Size  Location     Type
  idx             1   56[COMRAM] unsigned char 
  tmpval          4    0        struct .
  cp              3    0        PTR const unsigned char 
  width           2   63[COMRAM] int 
  val             2   60[COMRAM] unsigned int 
  ap              2   57[COMRAM] PTR void [1]
		 -> ?_sprintf(2), 
  len             2    0        unsigned int 
  c               1   65[COMRAM] unsigned char 
  flag            1   62[COMRAM] unsigned char 
  prec            1   59[COMRAM] char 
 Return value:  Size  Location     Type
                  2   16[COMRAM] int 
 Registers used:
		wreg, fsr2l, fsr2h, status,2, status,0, tblptrl, tblptrh, tblptru, prodl, prodh, cstack
 Tracked objects:
		On entry : 
		On exit  : 
		Unchanged: 
 Data sizes:     COMRAM   BANK0   BANK1   BANK2   BANK3   BANK4   BANK5   BANK6   BANK7
      Params:        36       0       0       0       0       0       0       0       0
      Locals:        10       0       0       0       0       0       0       0       0
      Temps:          4       0       0       0       0       0       0       0       0
      Totals:        50       0       0       0       0       0       0       0       0
Total ram usage:       50 bytes
 Hardware stack levels used:    1
 Hardware stack levels required when called:    5
 This function calls:
		___lwdiv
		___lwmod
		___wmul
		_isdigit
 This function is called by:
		_config_RN2903
 This function uses a non-reentrant model


 *************** function _isdigit *****************
 Defined at:
		line 8 in file "C:\Program Files\Microchip\xc8\v2.20\pic\sources\c90\common\isdigit.c"
 Parameters:    Size  Location     Type
  c               1    wreg     unsigned char 
 Auto vars:     Size  Location     Type
  c               1    6[COMRAM] unsigned char 
 Return value:  Size  Location     Type
		None               void
 Registers used:
		wreg, status,2, status,0
 Tracked objects:
		On entry : 
		On exit  : 
		Unchanged: 
 Data sizes:     COMRAM   BANK0   BANK1   BANK2   BANK3   BANK4   BANK5   BANK6   BANK7
      Params:         0       0       0       0       0       0       0       0       0
      Locals:         2       0       0       0       0       0       0       0       0
      Temps:          1       0       0       0       0       0       0       0       0
      Totals:         3       0       0       0       0       0       0       0       0
Total ram usage:        3 bytes
 Hardware stack levels used:    1
 Hardware stack levels required when called:    4
 This function calls:
		Nothing
 This function is called by:
		_sprintf
 This function uses a non-reentrant model


 *************** function ___wmul *****************
 Defined at:
		line 15 in file "C:\Program Files\Microchip\xc8\v2.20\pic\sources\c90\common\Umul16.c"
 Parameters:    Size  Location     Type
  multiplier      2    4[COMRAM] unsigned int 
  multiplicand    2    6[COMRAM] unsigned int 
 Auto vars:     Size  Location     Type
  product         2    8[COMRAM] unsigned int 
 Return value:  Size  Location     Type
                  2    4[COMRAM] unsigned int 
 Registers used:
		wreg, status,2, status,0, prodl, prodh
 Tracked objects:
		On entry : 
		On exit  : 
		Unchanged: 
 Data sizes:     COMRAM   BANK0   BANK1   BANK2   BANK3   BANK4   BANK5   BANK6   BANK7
      Params:         4       0       0       0       0       0       0       0       0
      Locals:         2       0       0       0       0       0       0       0       0
      Temps:          0       0       0       0       0       0       0       0       0
      Totals:         6       0       0       0       0       0       0       0       0
Total ram usage:        6 bytes
 Hardware stack levels used:    1
 Hardware stack levels required when called:    4
 This function calls:
		Nothing
 This function is called by:
		_sprintf
 This function uses a non-reentrant model


 *************** function ___lwmod *****************
 Defined at:
		line 7 in file "C:\Program Files\Microchip\xc8\v2.20\pic\sources\c90\common\lwmod.c"
 Parameters:    Size  Location     Type
  dividend        2   11[COMRAM] unsigned int 
  divisor         2   13[COMRAM] unsigned int 
 Auto vars:     Size  Location     Type
  counter         1   15[COMRAM] unsigned char 
 Return value:  Size  Location     Type
                  2   11[COMRAM] unsigned int 
 Registers used:
		wreg, status,2, status,0
 Tracked objects:
		On entry : 
		On exit  : 
		Unchanged: 
 Data sizes:     COMRAM   BANK0   BANK1   BANK2   BANK3   BANK4   BANK5   BANK6   BANK7
      Params:         4       0       0       0       0       0       0       0       0
      Locals:         1       0       0       0       0       0       0       0       0
      Temps:          0       0       0       0       0       0       0       0       0
      Totals:         5       0       0       0       0       0       0       0       0
Total ram usage:        5 bytes
 Hardware stack levels used:    1
 Hardware stack levels required when called:    4
 This function calls:
		Nothing
 This function is called by:
		_sprintf
 This function uses a non-reentrant model


 *************** function ___lwdiv *****************
 Defined at:
		line 7 in file "C:\Program Files\Microchip\xc8\v2.20\pic\sources\c90\common\lwdiv.c"
 Parameters:    Size  Location     Type
  dividend        2    4[COMRAM] unsigned int 
  divisor         2    6[COMRAM] unsigned int 
 Auto vars:     Size  Location     Type
  quotient        2    8[COMRAM] unsigned int 
  counter         1   10[COMRAM] unsigned char 
 Return value:  Size  Location     Type
                  2    4[COMRAM] unsigned int 
 Registers used:
		wreg, status,2, status,0
 Tracked objects:
		On entry : 
		On exit  : 
		Unchanged: 
 Data sizes:     COMRAM   BANK0   BANK1   BANK2   BANK3   BANK4   BANK5   BANK6   BANK7
      Params:         4       0       0       0       0       0       0       0       0
      Locals:         3       0       0       0       0       0       0       0       0
      Temps:          0       0       0       0       0       0       0       0       0
      Totals:         7       0       0       0       0       0       0       0       0
Total ram usage:        7 bytes
 Hardware stack levels used:    1
 Hardware stack levels required when called:    4
 This function calls:
		Nothing
 This function is called by:
		_sprintf
 This function uses a non-reentrant model


 *************** function _send_RN2903 *****************
 Defined at:
		line 52 in file "main.c"
 Parameters:    Size  Location     Type
  data            2    5[COMRAM] PTR unsigned char 
		 -> STR_32(26), STR_30(15), STR_28(17), STR_26(13), 
		 -> STR_24(15), STR_22(14), STR_20(11), STR_18(15), 
		 -> tx_buf(80), STR_4(25), STR_2(14), STR_1(12), 
 Auto vars:     Size  Location     Type
  count           2   11[COMRAM] int 
 Return value:  Size  Location     Type
                  1    wreg      void 
 Registers used:
		wreg, fsr1l, fsr1h, fsr2l, fsr2h, status,2, status,0, tblptrl, tblptrh, tblptru, cstack
 Tracked objects:
		On entry : 
		On exit  : 
		Unchanged: 
 Data sizes:     COMRAM   BANK0   BANK1   BANK2   BANK3   BANK4   BANK5   BANK6   BANK7
      Params:         2       0       0       0       0       0       0       0       0
      Locals:         2       0       0       0       0       0       0       0       0
      Temps:          4       0       0       0       0       0       0       0       0
      Totals:         8       0       0       0       0       0       0       0       0
Total ram usage:        8 bytes
 Hardware stack levels used:    1
 Hardware stack levels required when called:    5
 This function calls:
		_EUSART1_Write
 This function is called by:
		_config_RN2903
		_main
 This function uses a non-reentrant model


 *************** function _EUSART1_Write *****************
 Defined at:
		line 173 in file "mcc_generated_files/eusart1.c"
 Parameters:    Size  Location     Type
  txData          1    wreg     unsigned char 
 Auto vars:     Size  Location     Type
  txData          1    4[COMRAM] unsigned char 
 Return value:  Size  Location     Type
                  1    wreg      void 
 Registers used:
		wreg, fsr2l, fsr2h, status,2, status,0
 Tracked objects:
		On entry : 
		On exit  : 
		Unchanged: 
 Data sizes:     COMRAM   BANK0   BANK1   BANK2   BANK3   BANK4   BANK5   BANK6   BANK7
      Params:         0       0       0       0       0       0       0       0       0
      Locals:         1       0       0       0       0       0       0       0       0
      Temps:          0       0       0       0       0       0       0       0       0
      Totals:         1       0       0       0       0       0       0       0       0
Total ram usage:        1 bytes
 Hardware stack levels used:    1
 Hardware stack levels required when called:    4
 This function calls:
		Nothing
 This function is called by:
		_send_RN2903
		_putch
 This function uses a non-reentrant model


 *************** function _receive_RN2903 *****************
 Defined at:
		line 64 in file "main.c"
 Parameters:    Size  Location     Type
  data            2   11[COMRAM] PTR unsigned char 
		 -> STR_33(5), STR_31(5), STR_29(5), STR_27(5), 
		 -> STR_25(5), STR_23(5), STR_21(5), STR_19(5), 
		 -> STR_17(5), STR_15(5), STR_13(5), STR_11(5), 
		 -> STR_9(5), STR_7(5), STR_5(5), STR_3(5), 
 Auto vars:     Size  Location     Type
  rx_data        80    0[BANK0 ] unsigned char [80]
  count           2   80[BANK0 ] int 
 Return value:  Size  Location     Type
                  1    wreg      unsigned char 
 Registers used:
		wreg, fsr2l, fsr2h, status,2, status,0, tblptrl, tblptrh, tblptru, cstack
 Tracked objects:
		On entry : 
		On exit  : 
		Unchanged: 
 Data sizes:     COMRAM   BANK0   BANK1   BANK2   BANK3   BANK4   BANK5   BANK6   BANK7
      Params:         2       0       0       0       0       0       0       0       0
      Locals:         0      82       0       0       0       0       0       0       0
      Temps:          5       0       0       0       0       0       0       0       0
      Totals:         7      82       0       0       0       0       0       0       0
Total ram usage:       89 bytes
 Hardware stack levels used:    1
 Hardware stack levels required when called:    5
 This function calls:
		_DELAY_milliseconds
		_EUSART1_Read
		_strcmp
 This function is called by:
		_config_RN2903
		_main
 This function uses a non-reentrant model


 *************** function _strcmp *****************
 Defined at:
		line 33 in file "C:\Program Files\Microchip\xc8\v2.20\pic\sources\c90\common\strcmp.c"
 Parameters:    Size  Location     Type
  s1              2    4[COMRAM] PTR const unsigned char 
		 -> receive_RN2903@rx_data(80), 
  s2              2    6[COMRAM] PTR const unsigned char 
		 -> STR_33(5), STR_31(5), STR_29(5), STR_27(5), 
		 -> STR_25(5), STR_23(5), STR_21(5), STR_19(5), 
		 -> STR_17(5), STR_15(5), STR_13(5), STR_11(5), 
		 -> STR_9(5), STR_7(5), STR_5(5), STR_3(5), 
 Auto vars:     Size  Location     Type
  r               1   10[COMRAM] char 
 Return value:  Size  Location     Type
                  2    4[COMRAM] int 
 Registers used:
		wreg, fsr2l, fsr2h, status,2, status,0, tblptrl, tblptrh, tblptru
 Tracked objects:
		On entry : 
		On exit  : 
		Unchanged: 
 Data sizes:     COMRAM   BANK0   BANK1   BANK2   BANK3   BANK4   BANK5   BANK6   BANK7
      Params:         4       0       0       0       0       0       0       0       0
      Locals:         1       0       0       0       0       0       0       0       0
      Temps:          2       0       0       0       0       0       0       0       0
      Totals:         7       0       0       0       0       0       0       0       0
Total ram usage:        7 bytes
 Hardware stack levels used:    1
 Hardware stack levels required when called:    4
 This function calls:
		Nothing
 This function is called by:
		_receive_RN2903
 This function uses a non-reentrant model


 *************** function _EUSART1_Read *****************
 Defined at:
		line 151 in file "mcc_generated_files/eusart1.c"
 Parameters:    Size  Location     Type
		None
 Auto vars:     Size  Location     Type
  readValue       1    4[COMRAM] unsigned char 
 Return value:  Size  Location     Type
                  1    wreg      unsigned char 
 Registers used:
		wreg, fsr2l, fsr2h, status,2, status,0
 Tracked objects:
		On entry : 
		On exit  : 
		Unchanged: 
 Data sizes:     COMRAM   BANK0   BANK1   BANK2   BANK3   BANK4   BANK5   BANK6   BANK7
      Params:         0       0       0       0       0       0       0       0       0
      Locals:         1       0       0       0       0       0       0       0       0
      Temps:          0       0       0       0       0       0       0       0       0
      Totals:         1       0       0       0       0       0       0       0       0
Total ram usage:        1 bytes
 Hardware stack levels used:    1
 Hardware stack levels required when called:    4
 This function calls:
		Nothing
 This function is called by:
		_receive_RN2903
		_getch
 This function uses a non-reentrant model


 *************** function _DELAY_milliseconds *****************
 Defined at:
		line 27 in file "mcc_generated_files/delay.c"
 Parameters:    Size  Location     Type
  milliseconds    2    4[COMRAM] unsigned int 
 Auto vars:     Size  Location     Type
		None
 Return value:  Size  Location     Type
                  1    wreg      void 
 Registers used:
		wreg, status,2, status,0
 Tracked objects:
		On entry : 
		On exit  : 
		Unchanged: 
 Data sizes:     COMRAM   BANK0   BANK1   BANK2   BANK3   BANK4   BANK5   BANK6   BANK7
      Params:         2       0       0       0       0       0       0       0       0
      Locals:         0       0       0       0       0       0       0       0       0
      Temps:          1       0       0       0       0       0       0       0       0
      Totals:         3       0       0       0       0       0       0       0       0
Total ram usage:        3 bytes
 Hardware stack levels used:    1
 Hardware stack levels required when called:    4
 This function calls:
		Nothing
 This function is called by:
		_receive_RN2903
		_config_RN2903
		_main
 This function uses a non-reentrant model


 *************** function _SYSTEM_Initialize *****************
 Defined at:
		line 50 in file "mcc_generated_files/mcc.c"
 Parameters:    Size  Location     Type
		None
 Auto vars:     Size  Location     Type
		None
 Return value:  Size  Location     Type
                  1    wreg      void 
 Registers used:
		wreg, status,2, status,0, cstack
 Tracked objects:
		On entry : 
		On exit  : 
		Unchanged: 
 Data sizes:     COMRAM   BANK0   BANK1   BANK2   BANK3   BANK4   BANK5   BANK6   BANK7
      Params:         0       0       0       0       0       0       0       0       0
      Locals:         0       0       0       0       0       0       0       0       0
      Temps:          0       0       0       0       0       0       0       0       0
      Totals:         0       0       0       0       0       0       0       0       0
Total ram usage:        0 bytes
 Hardware stack levels used:    1
 Hardware stack levels required when called:    6
 This function calls:
		_EUSART1_Initialize
		_INTERRUPT_Initialize
		_OSCILLATOR_Initialize
		_PIN_MANAGER_Initialize
 This function is called by:
		_main
 This function uses a non-reentrant model


 *************** function _PIN_MANAGER_Initialize *****************
 Defined at:
		line 55 in file "mcc_generated_files/pin_manager.c"
 Parameters:    Size  Location     Type
		None
 Auto vars:     Size  Location     Type
		None
 Return value:  Size  Location     Type
                  1    wreg      void 
 Registers used:
		wreg, status,2
 Tracked objects:
		On entry : 
		On exit  : 
		Unchanged: 
 Data sizes:     COMRAM   BANK0   BANK1   BANK2   BANK3   BANK4   BANK5   BANK6   BANK7
      Params:         0       0       0       0       0       0       0       0       0
      Locals:         0       0       0       0       0       0       0       0       0
      Temps:          0       0       0       0       0       0       0       0       0
      Totals:         0       0       0       0       0       0       0       0       0
Total ram usage:        0 bytes
 Hardware stack levels used:    1
 Hardware stack levels required when called:    4
 This function calls:
		Nothing
 This function is called by:
		_SYSTEM_Initialize
 This function uses a non-reentrant model


 *************** function _OSCILLATOR_Initialize *****************
 Defined at:
		line 59 in file "mcc_generated_files/mcc.c"
 Parameters:    Size  Location     Type
		None
 Auto vars:     Size  Location     Type
		None
 Return value:  Size  Location     Type
                  1    wreg      void 
 Registers used:
		wreg, status,2
 Tracked objects:
		On entry : 
		On exit  : 
		Unchanged: 
 Data sizes:     COMRAM   BANK0   BANK1   BANK2   BANK3   BANK4   BANK5   BANK6   BANK7
      Params:         0       0       0       0       0       0       0       0       0
      Locals:         0       0       0       0       0       0       0       0       0
      Temps:          0       0       0       0       0       0       0       0       0
      Totals:         0       0       0       0       0       0       0       0       0
Total ram usage:        0 bytes
 Hardware stack levels used:    1
 Hardware stack levels required when called:    4
 This function calls:
		Nothing
 This function is called by:
		_SYSTEM_Initialize
 This function uses a non-reentrant model


 *************** function _INTERRUPT_Initialize *****************
 Defined at:
		line 52 in file "mcc_generated_files/interrupt_manager.c"
 Parameters:    Size  Location     Type
		None
 Auto vars:     Size  Location     Type
		None
 Return value:  Size  Location     Type
                  1    wreg      void 
 Registers used:
		None
 Tracked objects:
		On entry : 
		On exit  : 
		Unchanged: 
 Data sizes:     COMRAM   BANK0   BANK1   BANK2   BANK3   BANK4   BANK5   BANK6   BANK7
      Params:         0       0       0       0       0       0       0       0       0
      Locals:         0       0       0       0       0       0       0       0       0
      Temps:          0       0       0       0       0       0       0       0       0
      Totals:         0       0       0       0       0       0       0       0       0
Total ram usage:        0 bytes
 Hardware stack levels used:    1
 Hardware stack levels required when called:    4
 This function calls:
		Nothing
 This function is called by:
		_SYSTEM_Initialize
 This function uses a non-reentrant model


 *************** function _EUSART1_Initialize *****************
 Defined at:
		line 88 in file "mcc_generated_files/eusart1.c"
 Parameters:    Size  Location     Type
		None
 Auto vars:     Size  Location     Type
		None
 Return value:  Size  Location     Type
                  1    wreg      void 
 Registers used:
		wreg, status,2, status,0, cstack
 Tracked objects:
		On entry : 
		On exit  : 
		Unchanged: 
 Data sizes:     COMRAM   BANK0   BANK1   BANK2   BANK3   BANK4   BANK5   BANK6   BANK7
      Params:         0       0       0       0       0       0       0       0       0
      Locals:         0       0       0       0       0       0       0       0       0
      Temps:          0       0       0       0       0       0       0       0       0
      Totals:         0       0       0       0       0       0       0       0       0
Total ram usage:        0 bytes
 Hardware stack levels used:    1
 Hardware stack levels required when called:    5
 This function calls:
		_EUSART1_SetErrorHandler
		_EUSART1_SetFramingErrorHandler
		_EUSART1_SetOverrunErrorHandler
		_EUSART1_SetRxInterruptHandler
		_EUSART1_SetTxInterruptHandler
 This function is called by:
		_SYSTEM_Initialize
 This function uses a non-reentrant model


 *************** function _EUSART1_SetTxInterruptHandler *****************
 Defined at:
		line 285 in file "mcc_generated_files/eusart1.c"
 Parameters:    Size  Location     Type
  interruptHan    2    4[COMRAM] PTR FTN()void 
		 -> EUSART1_Transmit_ISR(1), 
 Auto vars:     Size  Location     Type
		None
 Return value:  Size  Location     Type
                  1    wreg      void 
 Registers used:
		wreg, status,2, status,0
 Tracked objects:
		On entry : 
		On exit  : 
		Unchanged: 
 Data sizes:     COMRAM   BANK0   BANK1   BANK2   BANK3   BANK4   BANK5   BANK6   BANK7
      Params:         2       0       0       0       0       0       0       0       0
      Locals:         0       0       0       0       0       0       0       0       0
      Temps:          0       0       0       0       0       0       0       0       0
      Totals:         2       0       0       0       0       0       0       0       0
Total ram usage:        2 bytes
 Hardware stack levels used:    1
 Hardware stack levels required when called:    4
 This function calls:
		Nothing
 This function is called by:
		_EUSART1_Initialize
 This function uses a non-reentrant model


 *************** function _EUSART1_SetRxInterruptHandler *****************
 Defined at:
		line 289 in file "mcc_generated_files/eusart1.c"
 Parameters:    Size  Location     Type
  interruptHan    2    4[COMRAM] PTR FTN()void 
		 -> EUSART1_Receive_ISR(1), 
 Auto vars:     Size  Location     Type
		None
 Return value:  Size  Location     Type
                  1    wreg      void 
 Registers used:
		wreg, status,2, status,0
 Tracked objects:
		On entry : 
		On exit  : 
		Unchanged: 
 Data sizes:     COMRAM   BANK0   BANK1   BANK2   BANK3   BANK4   BANK5   BANK6   BANK7
      Params:         2       0       0       0       0       0       0       0       0
      Locals:         0       0       0       0       0       0       0       0       0
      Temps:          0       0       0       0       0       0       0       0       0
      Totals:         2       0       0       0       0       0       0       0       0
Total ram usage:        2 bytes
 Hardware stack levels used:    1
 Hardware stack levels required when called:    4
 This function calls:
		Nothing
 This function is called by:
		_EUSART1_Initialize
 This function uses a non-reentrant model


 *************** function _EUSART1_SetOverrunErrorHandler *****************
 Defined at:
		line 277 in file "mcc_generated_files/eusart1.c"
 Parameters:    Size  Location     Type
  interruptHan    2    4[COMRAM] PTR FTN()void 
		 -> EUSART1_DefaultOverrunErrorHandler(1), 
 Auto vars:     Size  Location     Type
		None
 Return value:  Size  Location     Type
                  1    wreg      void 
 Registers used:
		wreg, status,2, status,0
 Tracked objects:
		On entry : 
		On exit  : 
		Unchanged: 
 Data sizes:     COMRAM   BANK0   BANK1   BANK2   BANK3   BANK4   BANK5   BANK6   BANK7
      Params:         2       0       0       0       0       0       0       0       0
      Locals:         0       0       0       0       0       0       0       0       0
      Temps:          0       0       0       0       0       0       0       0       0
      Totals:         2       0       0       0       0       0       0       0       0
Total ram usage:        2 bytes
 Hardware stack levels used:    1
 Hardware stack levels required when called:    4
 This function calls:
		Nothing
 This function is called by:
		_EUSART1_Initialize
 This function uses a non-reentrant model


 *************** function _EUSART1_SetFramingErrorHandler *****************
 Defined at:
		line 273 in file "mcc_generated_files/eusart1.c"
 Parameters:    Size  Location     Type
  interruptHan    2    4[COMRAM] PTR FTN()void 
		 -> EUSART1_DefaultFramingErrorHandler(1), 
 Auto vars:     Size  Location     Type
		None
 Return value:  Size  Location     Type
                  1    wreg      void 
 Registers used:
		wreg, status,2, status,0
 Tracked objects:
		On entry : 
		On exit  : 
		Unchanged: 
 Data sizes:     COMRAM   BANK0   BANK1   BANK2   BANK3   BANK4   BANK5   BANK6   BANK7
      Params:         2       0       0       0       0       0       0       0       0
      Locals:         0       0       0       0       0       0       0       0       0
      Temps:          0       0       0       0       0       0       0       0       0
      Totals:         2       0       0       0       0       0       0       0       0
Total ram usage:        2 bytes
 Hardware stack levels used:    1
 Hardware stack levels required when called:    4
 This function calls:
		Nothing
 This function is called by:
		_EUSART1_Initialize
 This function uses a non-reentrant model


 *************** function _EUSART1_SetErrorHandler *****************
 Defined at:
		line 281 in file "mcc_generated_files/eusart1.c"
 Parameters:    Size  Location     Type
  interruptHan    2    4[COMRAM] PTR FTN()void 
		 -> EUSART1_DefaultErrorHandler(1), 
 Auto vars:     Size  Location     Type
		None
 Return value:  Size  Location     Type
                  1    wreg      void 
 Registers used:
		wreg, status,2, status,0
 Tracked objects:
		On entry : 
		On exit  : 
		Unchanged: 
 Data sizes:     COMRAM   BANK0   BANK1   BANK2   BANK3   BANK4   BANK5   BANK6   BANK7
      Params:         2       0       0       0       0       0       0       0       0
      Locals:         0       0       0       0       0       0       0       0       0
      Temps:          0       0       0       0       0       0       0       0       0
      Totals:         2       0       0       0       0       0       0       0       0
Total ram usage:        2 bytes
 Hardware stack levels used:    1
 Hardware stack levels required when called:    4
 This function calls:
		Nothing
 This function is called by:
		_EUSART1_Initialize
 This function uses a non-reentrant model


 *************** function _INTERRUPT_InterruptManager *****************
 Defined at:
		line 58 in file "mcc_generated_files/interrupt_manager.c"
 Parameters:    Size  Location     Type
		None
 Auto vars:     Size  Location     Type
		None
 Return value:  Size  Location     Type
                  1    wreg      void 
 Registers used:
		wreg, fsr2l, fsr2h, status,2, status,0, pclath, tosl, cstack
 Tracked objects:
		On entry : 
		On exit  : 
		Unchanged: 
 Data sizes:     COMRAM   BANK0   BANK1   BANK2   BANK3   BANK4   BANK5   BANK6   BANK7
      Params:         0       0       0       0       0       0       0       0       0
      Locals:         0       0       0       0       0       0       0       0       0
      Temps:          4       0       0       0       0       0       0       0       0
      Totals:         4       0       0       0       0       0       0       0       0
Total ram usage:        4 bytes
 Hardware stack levels used:    1
 Hardware stack levels required when called:    3
 This function calls:
		Absolute function
		_EUSART1_Receive_ISR
		_EUSART1_Transmit_ISR
 This function is called by:
		Interrupt level 2
 This function uses a non-reentrant model


 *************** function _EUSART1_Transmit_ISR *****************
 Defined at:
		line 206 in file "mcc_generated_files/eusart1.c"
 Parameters:    Size  Location     Type
		None
 Auto vars:     Size  Location     Type
		None
 Return value:  Size  Location     Type
                  1    wreg      void 
 Registers used:
		wreg, fsr2l, fsr2h, status,2, status,0
 Tracked objects:
		On entry : 
		On exit  : 
		Unchanged: 
 Data sizes:     COMRAM   BANK0   BANK1   BANK2   BANK3   BANK4   BANK5   BANK6   BANK7
      Params:         0       0       0       0       0       0       0       0       0
      Locals:         0       0       0       0       0       0       0       0       0
      Temps:          0       0       0       0       0       0       0       0       0
      Totals:         0       0       0       0       0       0       0       0       0
Total ram usage:        0 bytes
 Hardware stack levels used:    1
 This function calls:
		Nothing
 This function is called by:
		_EUSART1_Initialize
		_INTERRUPT_InterruptManager
 This function uses a non-reentrant model


 *************** function _EUSART1_Receive_ISR *****************
 Defined at:
		line 225 in file "mcc_generated_files/eusart1.c"
 Parameters:    Size  Location     Type
		None
 Auto vars:     Size  Location     Type
		None
 Return value:  Size  Location     Type
                  1    wreg      void 
 Registers used:
		wreg, fsr2l, fsr2h, status,2, status,0, pclath, tosl, cstack
 Tracked objects:
		On entry : 
		On exit  : 
		Unchanged: 
 Data sizes:     COMRAM   BANK0   BANK1   BANK2   BANK3   BANK4   BANK5   BANK6   BANK7
      Params:         0       0       0       0       0       0       0       0       0
      Locals:         0       0       0       0       0       0       0       0       0
      Temps:          0       0       0       0       0       0       0       0       0
      Totals:         0       0       0       0       0       0       0       0       0
Total ram usage:        0 bytes
 Hardware stack levels used:    1
 Hardware stack levels required when called:    2
 This function calls:
		Absolute function
		_EUSART1_DefaultErrorHandler
		_EUSART1_DefaultFramingErrorHandler
		_EUSART1_DefaultOverrunErrorHandler
		_EUSART1_RxDataHandler
 This function is called by:
		_EUSART1_Initialize
		_INTERRUPT_InterruptManager
 This function uses a non-reentrant model


 *************** function _EUSART1_DefaultOverrunErrorHandler *****************
 Defined at:
		line 261 in file "mcc_generated_files/eusart1.c"
 Parameters:    Size  Location     Type
		None
 Auto vars:     Size  Location     Type
		None
 Return value:  Size  Location     Type
                  1    wreg      void 
 Registers used:
		None
 Tracked objects:
		On entry : 
		On exit  : 
		Unchanged: 
 Data sizes:     COMRAM   BANK0   BANK1   BANK2   BANK3   BANK4   BANK5   BANK6   BANK7
      Params:         0       0       0       0       0       0       0       0       0
      Locals:         0       0       0       0       0       0       0       0       0
      Temps:          0       0       0       0       0       0       0       0       0
      Totals:         0       0       0       0       0       0       0       0       0
Total ram usage:        0 bytes
 Hardware stack levels used:    1
 This function calls:
		Nothing
 This function is called by:
		_EUSART1_Initialize
		_EUSART1_Receive_ISR
 This function uses a non-reentrant model


 *************** function _EUSART1_DefaultFramingErrorHandler *****************
 Defined at:
		line 259 in file "mcc_generated_files/eusart1.c"
 Parameters:    Size  Location     Type
		None
 Auto vars:     Size  Location     Type
		None
 Return value:  Size  Location     Type
                  1    wreg      void 
 Registers used:
		None
 Tracked objects:
		On entry : 
		On exit  : 
		Unchanged: 
 Data sizes:     COMRAM   BANK0   BANK1   BANK2   BANK3   BANK4   BANK5   BANK6   BANK7
      Params:         0       0       0       0       0       0       0       0       0
      Locals:         0       0       0       0       0       0       0       0       0
      Temps:          0       0       0       0       0       0       0       0       0
      Totals:         0       0       0       0       0       0       0       0       0
Total ram usage:        0 bytes
 Hardware stack levels used:    1
 This function calls:
		Nothing
 This function is called by:
		_EUSART1_Initialize
		_EUSART1_Receive_ISR
 This function uses a non-reentrant model


 *************** function _EUSART1_DefaultErrorHandler *****************
 Defined at:
		line 269 in file "mcc_generated_files/eusart1.c"
 Parameters:    Size  Location     Type
		None
 Auto vars:     Size  Location     Type
		None
 Return value:  Size  Location     Type
                  1    wreg      void 
 Registers used:
		wreg, fsr2l, fsr2h, status,2, status,0, cstack
 Tracked objects:
		On entry : 
		On exit  : 
		Unchanged: 
 Data sizes:     COMRAM   BANK0   BANK1   BANK2   BANK3   BANK4   BANK5   BANK6   BANK7
      Params:         0       0       0       0       0       0       0       0       0
      Locals:         0       0       0       0       0       0       0       0       0
      Temps:          0       0       0       0       0       0       0       0       0
      Totals:         0       0       0       0       0       0       0       0       0
Total ram usage:        0 bytes
 Hardware stack levels used:    1
 Hardware stack levels required when called:    1
 This function calls:
		_EUSART1_RxDataHandler
 This function is called by:
		_EUSART1_Initialize
		_EUSART1_Receive_ISR
 This function uses a non-reentrant model


 *************** function _EUSART1_RxDataHandler *****************
 Defined at:
		line 249 in file "mcc_generated_files/eusart1.c"
 Parameters:    Size  Location     Type
		None
 Auto vars:     Size  Location     Type
		None
 Return value:  Size  Location     Type
                  1    wreg      void 
 Registers used:
		wreg, fsr2l, fsr2h, status,2, status,0
 Tracked objects:
		On entry : 
		On exit  : 
		Unchanged: 
 Data sizes:     COMRAM   BANK0   BANK1   BANK2   BANK3   BANK4   BANK5   BANK6   BANK7
      Params:         0       0       0       0       0       0       0       0       0
      Locals:         0       0       0       0       0       0       0       0       0
      Temps:          0       0       0       0       0       0       0       0       0
      Totals:         0       0       0       0       0       0       0       0       0
Total ram usage:        0 bytes
 Hardware stack levels used:    1
 This function calls:
		Nothing
 This function is called by:
		_EUSART1_Receive_ISR
		_EUSART1_DefaultErrorHandler
 This function uses a non-reentrant model



MODULE INFORMATION

Module		Function		Class		Link	Load	Size
mcc_generated_files/interrupt_manager.c
		_INTERRUPT_Initialize		CODE           	0CE4	0000	5
		_INTERRUPT_InterruptManager		CODE           	0008	0000	95

mcc_generated_files/interrupt_manager.c estimated size: 100

C:\Program Files\Microchip\xc8\v2.20\pic\sources\c90\common\isdigit.c
		_isdigit       		CODE           	0C60	0000	31

C:\Program Files\Microchip\xc8\v2.20\pic\sources\c90\common\isdigit.c estimated size: 31

mcc_generated_files/pin_manager.c
		_PIN_MANAGER_Initialize		CODE           	0AF8	0000	63

mcc_generated_files/pin_manager.c estimated size: 63

C:\Program Files\Microchip\xc8\v2.20\pic\sources\c90\common\lwmod.c
		___lwmod       		CODE           	0AB6	0000	67

C:\Program Files\Microchip\xc8\v2.20\pic\sources\c90\common\lwmod.c estimated size: 67

C:\Program Files\Microchip\xc8\v2.20\pic\sources\c90\common\strcmp.c
		_strcmp        		CODE           	0A6C	0000	75

C:\Program Files\Microchip\xc8\v2.20\pic\sources\c90\common\strcmp.c estimated size: 75

C:\Program Files\Microchip\xc8\v2.20\pic\sources\c90\common\doprnt.c
		_sprintf       		CODE           	006A	0000	849

C:\Program Files\Microchip\xc8\v2.20\pic\sources\c90\common\doprnt.c estimated size: 849

shared
		_dpowers       		MEDIUMCONST    	7E37	0000	11
		__initialization		CODE           	09C8	0000	69
		_hexpowers     		MEDIUMCONST    	7E41	0000	9

shared estimated size: 89

mcc_generated_files/eusart1.c
		_EUSART1_SetRxInterruptHandler		CODE           	0CB0	0000	11
		_EUSART1_SetTxInterruptHandler		CODE           	0CA6	0000	11
		_EUSART1_Initialize		CODE           	0954	0000	117
		_EUSART1_DefaultErrorHandler		CODE           	0CDE	0000	7
		_EUSART1_SetFramingErrorHandler		CODE           	0CC4	0000	11
		_EUSART1_Read  		CODE           	0B36	0000	61
		_EUSART1_SetOverrunErrorHandler		CODE           	0CBA	0000	11
		_EUSART1_SetErrorHandler		CODE           	0CCE	0000	11
		_EUSART1_Write 		CODE           	0B72	0000	55
		_EUSART1_Receive_ISR		CODE           	07AC	0000	153
		_EUSART1_RxDataHandler		CODE           	0C40	0000	33
		_EUSART1_DefaultOverrunErrorHandler		CODE           	0CD8	0000	7
		_EUSART1_Transmit_ISR		CODE           	0BA8	0000	43
		_EUSART1_DefaultFramingErrorHandler		CODE           	0CE8	0000	3

mcc_generated_files/eusart1.c estimated size: 534

mcc_generated_files/mcc.c
		_OSCILLATOR_Initialize		CODE           	0C7E	0000	23
		_SYSTEM_Initialize		CODE           	0C94	0000	19

mcc_generated_files/mcc.c estimated size: 42

C:\Program Files\Microchip\xc8\v2.20\pic\sources\c90\common\Umul16.c
		___wmul        		CODE           	0BD2	0000	39

C:\Program Files\Microchip\xc8\v2.20\pic\sources\c90\common\Umul16.c estimated size: 39

C:\Program Files\Microchip\xc8\v2.20\pic\sources\c90\common\lwdiv.c
		___lwdiv       		CODE           	0A1A	0000	83

C:\Program Files\Microchip\xc8\v2.20\pic\sources\c90\common\lwdiv.c estimated size: 83

mcc_generated_files/delay.c
		_DELAY_milliseconds		CODE           	0C1C	0000	37

mcc_generated_files/delay.c estimated size: 37

main.c
		_send_RN2903   		CODE           	08D2	0000	131
		_main          		CODE           	06FC	0000	177
		_receive_RN2903		CODE           	0844	0000	143
		_config_RN2903 		CODE           	03BA	0000	835

main.c estimated size: 1286

